============================= test session starts =============================
platform win32 -- Python 3.13.1, pytest-9.0.2, pluggy-1.6.0 -- F:\src\PythonProject\pscweb3-1\.venv\Scripts\python.exe
cachedir: .pytest_cache
rootdir: F:\src\PythonProject\pscweb3-1\backend
configfile: pytest.ini (WARNING: ignoring pytest config in pyproject.toml!)
plugins: anyio-4.12.0, asyncio-1.3.0
asyncio: mode=Mode.AUTO, debug=False, asyncio_default_fixture_loop_scope=None, asyncio_default_test_loop_scope=function
collecting ... collected 1 item

backend\tests\unit\test_jp_features.py::test_jp_fountain_features FAILED

================================== FAILURES ===================================
__________________________ test_jp_fountain_features __________________________
backend\tests\unit\test_jp_features.py:78: in test_jp_fountain_features
    assert len(lines1) == 3
E   assert 2 == 3
E    +  where 2 = len([<src.db.models.Line object at 0x000001AE653BD5B0>, <src.db.models.Line object at 0x000001AE653BD6E0>])
============================== warnings summary ===============================
tests/unit/test_jp_features.py::test_jp_fountain_features
  F:\\src\\PythonProject\\pscweb3-1\\backend\\src\\services\\fountain_parser.py:215: DeprecationWarning: 'maxsplit' is passed as positional argument\n    parts = re.split(r'[ \u3000]', stripped_content, 1) # Split by space or full-width space

-- Docs: https://docs.pytest.org/en/stable/how-to/capture-warnings.html
=========================== short test summary info ===========================
FAILED backend\tests\unit\test_jp_features.py::test_jp_fountain_features - as...
======================== 1 failed, 1 warning in 0.13s =========================
